---
source: minigu-test/src/insta_test.rs
assertion_line: 192
---
Statement OK. No results
---
Error: Execution(
    Custom(
        IllegalState {
            reason: "graph already exists",
        },
    ),
)
---
Error: Plan(
    Bind(
        GraphTypeNotFound(
            "mygraphtype",
        ),
    ),
)
---
Error: Plan(
    Bind(
        NotSchema(
            "/",
        ),
    ),
)
---
Error: Plan(
    Bind(
        GraphNotFound(
            "mysrcgraph",
        ),
    ),
)
---
Error: Plan(
    Bind(
        GraphNotFound(
            "mysrcgraph",
        ),
    ),
)
---
Error: Plan(
    Bind(
        GraphTypeNotFound(
            "socialNetworkGraphType",
        ),
    ),
)
---
Error: Plan(
    Bind(
        GraphTypeNotFound(
            "socialNetworkGraphType",
        ),
    ),
)
---
Statement OK. No results
