---
source: minigu-test/src/insta_test.rs
assertion_line: 182
---
Statement OK. No results
---
Statement OK. No results
---
Error: Plan(
    Bind(
        NotImplemented(
            NotImplemented {
                feature: "next statement",
                issue: TrackingIssue(
                    None,
                ),
            },
        ),
    ),
)
