---
source: minigu-test/src/insta_test.rs
assertion_line: 178
---
Error: Plan(
    Bind(
        NotImplemented(
            NotImplemented {
                feature: "create schema statement",
                issue: TrackingIssue(
                    None,
                ),
            },
        ),
    ),
)
---
Error: Plan(
    Bind(
        NotImplemented(
            NotImplemented {
                feature: "create schema statement",
                issue: TrackingIssue(
                    None,
                ),
            },
        ),
    ),
)
---
Error: Plan(
    Bind(
        NotImplemented(
            NotImplemented {
                feature: "create schema statement",
                issue: TrackingIssue(
                    None,
                ),
            },
        ),
    ),
)
