---
source: minigu-test/src/insta_test.rs
---
- Ok:
    - activity:
        - Transaction:
            start: ~
            procedure:
              - at: ~
                binding_variable_defs: []
                statement:
                  - Query:
                      Conjunction:
                        conjunction:
                          - SetOp:
                              kind:
                                - Union
                                - start: 231
                                  end: 236
                              quantifier: ~
                          - start: 231
                            end: 236
                        left:
                          - Primary:
                              Ambient:
                                Parts:
                                  parts:
                                    - - Match:
                                          Simple:
                                            - pattern:
                                                - match_mode: ~
                                                  patterns:
                                                    - - variable: ~
                                                        prefix: ~
                                                        expr:
                                                          - Concat:
                                                              - - Pattern:
                                                                    Node:
                                                                      variable:
                                                                        - message
                                                                        - start: 7
                                                                          end: 14
                                                                      label: ~
                                                                      predicate:
                                                                        - Where:
                                                                            - Binary:
                                                                                op:
                                                                                  - Eq
                                                                                  - start: 32
                                                                                    end: 33
                                                                                left:
                                                                                  - Property:
                                                                                      source:
                                                                                        - Variable: message
                                                                                        - start: 21
                                                                                          end: 28
                                                                                      trailing_names:
                                                                                        - - id
                                                                                          - start: 29
                                                                                            end: 31
                                                                                  - start: 21
                                                                                    end: 31
                                                                                right:
                                                                                  - Value:
                                                                                      Literal:
                                                                                        Numeric:
                                                                                          Integer:
                                                                                            - kind: Decimal
                                                                                              integer: "274877907096"
                                                                                            - start: 34
                                                                                              end: 46
                                                                                  - start: 34
                                                                                    end: 46
                                                                            - start: 21
                                                                              end: 46
                                                                        - start: 15
                                                                          end: 46
                                                                - start: 6
                                                                  end: 47
                                                          - start: 6
                                                            end: 47
                                                      - start: 6
                                                        end: 47
                                                  keep: ~
                                                  where_clause:
                                                    - Binary:
                                                        op:
                                                          - Or
                                                          - start: 78
                                                            end: 80
                                                        left:
                                                          - Binary:
                                                              op:
                                                                - Eq
                                                                - start: 69
                                                                  end: 70
                                                              left:
                                                                - Function:
                                                                    Generic:
                                                                      name:
                                                                        - label
                                                                        - start: 54
                                                                          end: 59
                                                                      args:
                                                                        - - Variable: message
                                                                          - start: 60
                                                                            end: 67
                                                                - start: 54
                                                                  end: 68
                                                              right:
                                                                - Value:
                                                                    Literal:
                                                                      String:
                                                                        kind: Char
                                                                        literal: Post
                                                                - start: 71
                                                                  end: 77
                                                          - start: 54
                                                            end: 77
                                                        right:
                                                          - Binary:
                                                              op:
                                                                - Eq
                                                                - start: 96
                                                                  end: 97
                                                              left:
                                                                - Function:
                                                                    Generic:
                                                                      name:
                                                                        - label
                                                                        - start: 81
                                                                          end: 86
                                                                      args:
                                                                        - - Variable: message
                                                                          - start: 87
                                                                            end: 94
                                                                - start: 81
                                                                  end: 95
                                                              right:
                                                                - Value:
                                                                    Literal:
                                                                      String:
                                                                        kind: Char
                                                                        literal: Comment
                                                                - start: 98
                                                                  end: 107
                                                          - start: 81
                                                            end: 107
                                                    - start: 54
                                                      end: 107
                                                - start: 6
                                                  end: 107
                                              yield_clause: []
                                            - start: 6
                                              end: 107
                                      - start: 0
                                        end: 107
                                  result:
                                    - Return:
                                        statement:
                                          - quantifier: ~
                                            items:
                                              - Items:
                                                  - - value:
                                                        - Property:
                                                            source:
                                                              - Variable: message
                                                              - start: 119
                                                                end: 126
                                                            trailing_names:
                                                              - - creationDate
                                                                - start: 127
                                                                  end: 139
                                                        - start: 119
                                                          end: 139
                                                      alias:
                                                        - messageCreationDate
                                                        - start: 143
                                                          end: 162
                                                    - start: 119
                                                      end: 162
                                                  - - value:
                                                        - Function:
                                                            Case:
                                                              Coalesce:
                                                                - - Property:
                                                                      source:
                                                                        - Variable: message
                                                                        - start: 177
                                                                          end: 184
                                                                      trailing_names:
                                                                        - - content
                                                                          - start: 185
                                                                            end: 192
                                                                  - start: 177
                                                                    end: 192
                                                                - - Property:
                                                                      source:
                                                                        - Variable: message
                                                                        - start: 194
                                                                          end: 201
                                                                      trailing_names:
                                                                        - - imageFile
                                                                          - start: 202
                                                                            end: 211
                                                                  - start: 194
                                                                    end: 211
                                                        - start: 168
                                                          end: 212
                                                      alias:
                                                        - messageContent
                                                        - start: 216
                                                          end: 230
                                                    - start: 168
                                                      end: 230
                                              - start: 119
                                                end: 230
                                            group_by: ~
                                          - start: 108
                                            end: 230
                                        order_by: ~
                                    - start: 108
                                      end: 230
                          - start: 0
                            end: 230
                        right:
                          - Primary:
                              Ambient:
                                Parts:
                                  parts:
                                    - - Match:
                                          Simple:
                                            - pattern:
                                                - match_mode: ~
                                                  patterns:
                                                    - - variable: ~
                                                        prefix: ~
                                                        expr:
                                                          - Concat:
                                                              - - Pattern:
                                                                    Node:
                                                                      variable:
                                                                        - message
                                                                        - start: 244
                                                                          end: 251
                                                                      label: ~
                                                                      predicate:
                                                                        - Where:
                                                                            - Binary:
                                                                                op:
                                                                                  - Eq
                                                                                  - start: 269
                                                                                    end: 270
                                                                                left:
                                                                                  - Property:
                                                                                      source:
                                                                                        - Variable: message
                                                                                        - start: 258
                                                                                          end: 265
                                                                                      trailing_names:
                                                                                        - - id
                                                                                          - start: 266
                                                                                            end: 268
                                                                                  - start: 258
                                                                                    end: 268
                                                                                right:
                                                                                  - Value:
                                                                                      Literal:
                                                                                        Numeric:
                                                                                          Integer:
                                                                                            - kind: Decimal
                                                                                              integer: "3"
                                                                                            - start: 271
                                                                                              end: 272
                                                                                  - start: 271
                                                                                    end: 272
                                                                            - start: 258
                                                                              end: 272
                                                                        - start: 252
                                                                          end: 272
                                                                - start: 243
                                                                  end: 273
                                                          - start: 243
                                                            end: 273
                                                      - start: 243
                                                        end: 273
                                                  keep: ~
                                                  where_clause:
                                                    - Binary:
                                                        op:
                                                          - Or
                                                          - start: 304
                                                            end: 306
                                                        left:
                                                          - Binary:
                                                              op:
                                                                - Eq
                                                                - start: 295
                                                                  end: 296
                                                              left:
                                                                - Function:
                                                                    Generic:
                                                                      name:
                                                                        - label
                                                                        - start: 280
                                                                          end: 285
                                                                      args:
                                                                        - - Variable: message
                                                                          - start: 286
                                                                            end: 293
                                                                - start: 280
                                                                  end: 294
                                                              right:
                                                                - Value:
                                                                    Literal:
                                                                      String:
                                                                        kind: Char
                                                                        literal: Post
                                                                - start: 297
                                                                  end: 303
                                                          - start: 280
                                                            end: 303
                                                        right:
                                                          - Binary:
                                                              op:
                                                                - Eq
                                                                - start: 322
                                                                  end: 323
                                                              left:
                                                                - Function:
                                                                    Generic:
                                                                      name:
                                                                        - label
                                                                        - start: 307
                                                                          end: 312
                                                                      args:
                                                                        - - Variable: message
                                                                          - start: 313
                                                                            end: 320
                                                                - start: 307
                                                                  end: 321
                                                              right:
                                                                - Value:
                                                                    Literal:
                                                                      String:
                                                                        kind: Char
                                                                        literal: Comment
                                                                - start: 324
                                                                  end: 333
                                                          - start: 307
                                                            end: 333
                                                    - start: 280
                                                      end: 333
                                                - start: 243
                                                  end: 333
                                              yield_clause: []
                                            - start: 243
                                              end: 333
                                      - start: 237
                                        end: 333
                                  result:
                                    - Return:
                                        statement:
                                          - quantifier: ~
                                            items:
                                              - Items:
                                                  - - value:
                                                        - Property:
                                                            source:
                                                              - Variable: message
                                                              - start: 345
                                                                end: 352
                                                            trailing_names:
                                                              - - creationDate
                                                                - start: 353
                                                                  end: 365
                                                        - start: 345
                                                          end: 365
                                                      alias:
                                                        - messageCreationDate
                                                        - start: 369
                                                          end: 388
                                                    - start: 345
                                                      end: 388
                                                  - - value:
                                                        - Function:
                                                            Case:
                                                              Coalesce:
                                                                - - Property:
                                                                      source:
                                                                        - Variable: message
                                                                        - start: 403
                                                                          end: 410
                                                                      trailing_names:
                                                                        - - content
                                                                          - start: 411
                                                                            end: 418
                                                                  - start: 403
                                                                    end: 418
                                                                - - Property:
                                                                      source:
                                                                        - Variable: message
                                                                        - start: 420
                                                                          end: 427
                                                                      trailing_names:
                                                                        - - imageFile
                                                                          - start: 428
                                                                            end: 437
                                                                  - start: 420
                                                                    end: 437
                                                        - start: 394
                                                          end: 438
                                                      alias:
                                                        - messageContent
                                                        - start: 442
                                                          end: 456
                                                    - start: 394
                                                      end: 456
                                              - start: 345
                                                end: 456
                                            group_by: ~
                                          - start: 334
                                            end: 456
                                        order_by: ~
                                    - start: 334
                                      end: 456
                          - start: 237
                            end: 456
                  - start: 0
                    end: 456
                next_statements: []
              - start: 0
                end: 456
            end: ~
        - start: 0
          end: 456
      session_close: false
    - start: 0
      end: 456
