---
source: minigu-test/src/insta_test.rs
assertion_line: 217
---
┌─────────────────────────────────┐
│ n                               │
│ vertex { name::string }         │
├─────────────────────────────────┤
│ {_vid: 1, _label: 0, name: per} │
├─────────────────────────────────┤
│ {_vid: 2, _label: 0, name: per} │
├─────────────────────────────────┤
│ {_vid: 3, _label: 0, name: per} │
├─────────────────────────────────┤
│ {_vid: 4, _label: 0, name: per} │
├─────────────────────────────────┤
│ {_vid: 5, _label: 0, name: per} │
└─────────────────────────────────┘
5 rows
