---
source: minigu-test/src/insta_test.rs
---
- Ok:
    - activity:
        - Transaction:
            start: ~
            procedure:
              - at: ~
                binding_variable_defs: []
                statement:
                  - Catalog:
                      - - Call:
                            optional: false
                            procedure:
                              - Named:
                                  name:
                                    - Ref:
                                        schema: ~
                                        objects:
                                          - - create_test_graph_data
                                            - start: 5
                                              end: 27
                                    - start: 5
                                      end: 27
                                  args:
                                    - - Value:
                                          Literal:
                                            String:
                                              kind: Char
                                              literal: vec_graph
                                      - start: 28
                                        end: 39
                                    - - Value:
                                          Literal:
                                            Numeric:
                                              Integer:
                                                - kind: Decimal
                                                  integer: "20"
                                                - start: 41
                                                  end: 43
                                      - start: 41
                                        end: 43
                                  yield_clause: ~
                              - start: 5
                                end: 44
                        - start: 0
                          end: 44
                  - start: 0
                    end: 44
                next_statements: []
              - start: 0
                end: 44
            end: ~
        - start: 0
          end: 44
      session_close: false
    - start: 0
      end: 44
- Ok:
    - activity:
        - Session:
            set:
              - - Graph:
                    - Name: vec_graph
                    - start: 18
                      end: 27
                - start: 0
                  end: 27
            reset: []
        - start: 0
          end: 27
      session_close: false
    - start: 0
      end: 27
- Ok:
    - activity:
        - Transaction:
            start: ~
            procedure:
              - at: ~
                binding_variable_defs: []
                statement:
                  - Catalog:
                      - - CreateVectorIndex:
                            name:
                              - test_index
                              - start: 20
                                end: 30
                            if_not_exists: true
                            binding:
                              - n
                              - start: 50
                                end: 51
                            label:
                              - PERSON
                              - start: 52
                                end: 58
                            property_binding:
                              - n
                              - start: 64
                                end: 65
                            property:
                              - embedding
                              - start: 66
                                end: 75
                        - start: 0
                          end: 76
                  - start: 0
                    end: 76
                next_statements: []
              - start: 0
                end: 76
            end: ~
        - start: 0
          end: 76
      session_close: false
    - start: 0
      end: 76
- Ok:
    - activity:
        - Transaction:
            start: ~
            procedure:
              - at: ~
                binding_variable_defs: []
                statement:
                  - Utility:
                      Explain:
                        statement:
                          - Catalog:
                              - - DropVectorIndex:
                                    name:
                                      - test_index
                                      - start: 26
                                        end: 36
                                    if_exists: false
                                - start: 8
                                  end: 36
                          - start: 8
                            end: 36
                  - start: 0
                    end: 36
                next_statements: []
              - start: 0
                end: 36
            end: ~
        - start: 0
          end: 36
      session_close: false
    - start: 0
      end: 36
