---
source: minigu-test/src/insta_test.rs
assertion_line: 184
---
Statement OK. No results
---
Statement OK. No results
---
Statement OK. No results
---
┌──────────────────────────────────────────────┐
│ n                                            │
│ vertex { name::string,age::int8 }            │
├──────────────────────────────────────────────┤
│ {_vid: 0, _label: 0, name: person0, age: 20} │
├──────────────────────────────────────────────┤
│ {_vid: 1, _label: 0, name: person1, age: 21} │
└──────────────────────────────────────────────┘
2 rows

---
┌────────────────────────────────────────────────────────┐
│ c                                                      │
│ vertex { name::string,revenue::int64 }                 │
├────────────────────────────────────────────────────────┤
│ {_vid: 2, _label: 0, name: company0, revenue: 1000000} │
└────────────────────────────────────────────────────────┘
1 rows

---
┌──────────────────────────────────────────────┬────────────────────────────────────────────────────────┐
│ n                                            │ c                                                      │
│ vertex { name::string,age::int8 }            │ vertex { name::string,revenue::int64 }                 │
├──────────────────────────────────────────────┼────────────────────────────────────────────────────────┤
│ {_vid: 0, _label: 0, name: person0, age: 20} │ {_vid: 2, _label: 0, name: company0, revenue: 1000000} │
└──────────────────────────────────────────────┴────────────────────────────────────────────────────────┘
1 rows

---
┌──────────────────────────────────────────────┬──────────────────────────────────────────────┐
│ n                                            │ m                                            │
│ vertex { name::string,age::int8 }            │ vertex { name::string,age::int8 }            │
├──────────────────────────────────────────────┼──────────────────────────────────────────────┤
│ {_vid: 0, _label: 0, name: person0, age: 20} │ {_vid: 0, _label: 0, name: person0, age: 20} │
├──────────────────────────────────────────────┼──────────────────────────────────────────────┤
│ {_vid: 0, _label: 0, name: person0, age: 20} │ {_vid: 1, _label: 0, name: person1, age: 21} │
├──────────────────────────────────────────────┼──────────────────────────────────────────────┤
│ {_vid: 1, _label: 0, name: person1, age: 21} │ {_vid: 0, _label: 0, name: person0, age: 20} │
├──────────────────────────────────────────────┼──────────────────────────────────────────────┤
│ {_vid: 1, _label: 0, name: person1, age: 21} │ {_vid: 1, _label: 0, name: person1, age: 21} │
└──────────────────────────────────────────────┴──────────────────────────────────────────────┘
4 rows

---
Statement OK. No results
---
┌──────────────────────────────────────────────┐
│ n                                            │
│ vertex { name::string,age::int8 }            │
├──────────────────────────────────────────────┤
│ {_vid: 0, _label: 0, name: person0, age: 20} │
├──────────────────────────────────────────────┤
│ {_vid: 1, _label: 0, name: person1, age: 21} │
├──────────────────────────────────────────────┤
│ {_vid: 2, _label: 0, name: person2, age: 22} │
├──────────────────────────────────────────────┤
│ {_vid: 3, _label: 0, name: person3, age: 23} │
├──────────────────────────────────────────────┤
│ {_vid: 4, _label: 0, name: person4, age: 24} │
└──────────────────────────────────────────────┘
5 rows

---
┌────────────────────────────────────────────────────────┐
│ c                                                      │
│ vertex { name::string,revenue::int64 }                 │
├────────────────────────────────────────────────────────┤
│ {_vid: 5, _label: 0, name: company0, revenue: 1000000} │
├────────────────────────────────────────────────────────┤
│ {_vid: 6, _label: 0, name: company1, revenue: 2000000} │
└────────────────────────────────────────────────────────┘
2 rows

---
┌──────────────────────────────────────────────┬────────────────────────────────────────────────────────┐
│ n                                            │ c                                                      │
│ vertex { name::string,age::int8 }            │ vertex { name::string,revenue::int64 }                 │
├──────────────────────────────────────────────┼────────────────────────────────────────────────────────┤
│ {_vid: 0, _label: 0, name: person0, age: 20} │ {_vid: 5, _label: 0, name: company0, revenue: 1000000} │
├──────────────────────────────────────────────┼────────────────────────────────────────────────────────┤
│ {_vid: 1, _label: 0, name: person1, age: 21} │ {_vid: 6, _label: 0, name: company1, revenue: 2000000} │
├──────────────────────────────────────────────┼────────────────────────────────────────────────────────┤
│ {_vid: 2, _label: 0, name: person2, age: 22} │ {_vid: 5, _label: 0, name: company0, revenue: 1000000} │
└──────────────────────────────────────────────┴────────────────────────────────────────────────────────┘
3 rows

---
┌──────────────────────────────────────────────┬──────────────────────────────────────────────┐
│ n                                            │ m                                            │
│ vertex { name::string,age::int8 }            │ vertex { name::string,age::int8 }            │
├──────────────────────────────────────────────┼──────────────────────────────────────────────┤
│ {_vid: 0, _label: 0, name: person0, age: 20} │ {_vid: 0, _label: 0, name: person0, age: 20} │
├──────────────────────────────────────────────┼──────────────────────────────────────────────┤
│ {_vid: 0, _label: 0, name: person0, age: 20} │ {_vid: 1, _label: 0, name: person1, age: 21} │
├──────────────────────────────────────────────┼──────────────────────────────────────────────┤
│ {_vid: 0, _label: 0, name: person0, age: 20} │ {_vid: 2, _label: 0, name: person2, age: 22} │
├──────────────────────────────────────────────┼──────────────────────────────────────────────┤
│ {_vid: 0, _label: 0, name: person0, age: 20} │ {_vid: 3, _label: 0, name: person3, age: 23} │
├──────────────────────────────────────────────┼──────────────────────────────────────────────┤
│ {_vid: 0, _label: 0, name: person0, age: 20} │ {_vid: 4, _label: 0, name: person4, age: 24} │
├──────────────────────────────────────────────┼──────────────────────────────────────────────┤
│ {_vid: 1, _label: 0, name: person1, age: 21} │ {_vid: 0, _label: 0, name: person0, age: 20} │
├──────────────────────────────────────────────┼──────────────────────────────────────────────┤
│ {_vid: 1, _label: 0, name: person1, age: 21} │ {_vid: 1, _label: 0, name: person1, age: 21} │
├──────────────────────────────────────────────┼──────────────────────────────────────────────┤
│ {_vid: 1, _label: 0, name: person1, age: 21} │ {_vid: 2, _label: 0, name: person2, age: 22} │
├──────────────────────────────────────────────┼──────────────────────────────────────────────┤
│ {_vid: 1, _label: 0, name: person1, age: 21} │ {_vid: 3, _label: 0, name: person3, age: 23} │
├──────────────────────────────────────────────┼──────────────────────────────────────────────┤
│ {_vid: 1, _label: 0, name: person1, age: 21} │ {_vid: 4, _label: 0, name: person4, age: 24} │
├──────────────────────────────────────────────┼──────────────────────────────────────────────┤
│ {_vid: 2, _label: 0, name: person2, age: 22} │ {_vid: 0, _label: 0, name: person0, age: 20} │
├──────────────────────────────────────────────┼──────────────────────────────────────────────┤
│ {_vid: 2, _label: 0, name: person2, age: 22} │ {_vid: 1, _label: 0, name: person1, age: 21} │
├──────────────────────────────────────────────┼──────────────────────────────────────────────┤
│ {_vid: 2, _label: 0, name: person2, age: 22} │ {_vid: 2, _label: 0, name: person2, age: 22} │
├──────────────────────────────────────────────┼──────────────────────────────────────────────┤
│ {_vid: 2, _label: 0, name: person2, age: 22} │ {_vid: 3, _label: 0, name: person3, age: 23} │
├──────────────────────────────────────────────┼──────────────────────────────────────────────┤
│ {_vid: 2, _label: 0, name: person2, age: 22} │ {_vid: 4, _label: 0, name: person4, age: 24} │
├──────────────────────────────────────────────┼──────────────────────────────────────────────┤
│ {_vid: 3, _label: 0, name: person3, age: 23} │ {_vid: 0, _label: 0, name: person0, age: 20} │
├──────────────────────────────────────────────┼──────────────────────────────────────────────┤
│ {_vid: 3, _label: 0, name: person3, age: 23} │ {_vid: 1, _label: 0, name: person1, age: 21} │
├──────────────────────────────────────────────┼──────────────────────────────────────────────┤
│ {_vid: 3, _label: 0, name: person3, age: 23} │ {_vid: 2, _label: 0, name: person2, age: 22} │
├──────────────────────────────────────────────┼──────────────────────────────────────────────┤
│ {_vid: 3, _label: 0, name: person3, age: 23} │ {_vid: 3, _label: 0, name: person3, age: 23} │
├──────────────────────────────────────────────┼──────────────────────────────────────────────┤
│ {_vid: 3, _label: 0, name: person3, age: 23} │ {_vid: 4, _label: 0, name: person4, age: 24} │
├──────────────────────────────────────────────┼──────────────────────────────────────────────┤
│ {_vid: 4, _label: 0, name: person4, age: 24} │ {_vid: 0, _label: 0, name: person0, age: 20} │
├──────────────────────────────────────────────┼──────────────────────────────────────────────┤
│ {_vid: 4, _label: 0, name: person4, age: 24} │ {_vid: 1, _label: 0, name: person1, age: 21} │
├──────────────────────────────────────────────┼──────────────────────────────────────────────┤
│ {_vid: 4, _label: 0, name: person4, age: 24} │ {_vid: 2, _label: 0, name: person2, age: 22} │
├──────────────────────────────────────────────┼──────────────────────────────────────────────┤
│ {_vid: 4, _label: 0, name: person4, age: 24} │ {_vid: 3, _label: 0, name: person3, age: 23} │
├──────────────────────────────────────────────┼──────────────────────────────────────────────┤
│ {_vid: 4, _label: 0, name: person4, age: 24} │ {_vid: 4, _label: 0, name: person4, age: 24} │
└──────────────────────────────────────────────┴──────────────────────────────────────────────┘
25 rows
