---
source: minigu-cli/tests/shell_test.rs
assertion_line: 81
info:
  program: minigu
  args:
    - shell
  stdin: "[STDIN REDACTED]"
---
success: true
exit_code: 0
----- stdout -----
Enter ":help" for usage hints.
  × foo: The system cannot find the file specified. (os error 2)


----- stderr -----
